gcc -g p1final.c
 ./a.out
Enter two numbers
5
6
Sum of 5 and 6 is 11
 gdb a.out
GNU gdb (Ubuntu 8.1.1-0ubuntu1) 8.1.1
Copyright (C) 2018 Free Software Foundation, Inc.
License GPLv3+: GNU GPL version 3 or later <http://gnu.org/licenses/gpl.html>
This is free software: you are free to change and redistribute it.
There is NO WARRANTY, to the extent permitted by law.  Type "show copying"
and "show warranty" for details.
This GDB was configured as "x86_64-linux-gnu".
Type "show configuration" for configuration details.
For bug reporting instructions, please see:
<http://www.gnu.org/software/gdb/bugs/>.
Find the GDB manual and other documentation resources online at:
<http://www.gnu.org/software/gdb/documentation/>.
For help, type "help".
Type "apropos word" to search for commands related to "word"...
Reading symbols from a.out...done.
(gdb) b main
Breakpoint 1 at 0x7fc: file p1final.c, line 16.
(gdb) r
Starting program: /home/runner/pps-IA1-practice/a.out 
warning: Error disabling address space randomization: Operation not permitted

Breakpoint 1, main () at p1final.c:16
16  {
(gdb) n
18    input(&a,&b);
(gdb) s
input (a=0x7fffd602199c, b=0x7fffd60219a0) at p1final.c:4
 
 gcc -g p1final.c
 ./a.out
Enter two numbers
5
6
Sum of 5 and 6 is 11
 gdb a.out
GNU gdb (Ubuntu 8.1.1-0ubuntu1) 8.1.1
Copyright (C) 2018 Free Software Foundation, Inc.
License GPLv3+: GNU GPL version 3 or later <http://gnu.org/licenses/gpl.html>
This is free software: you are free to change and redistribute it.
There is NO WARRANTY, to the extent permitted by law.  Type "show copying"
and "show warranty" for details.
This GDB was configured as "x86_64-linux-gnu".
Type "show configuration" for configuration details.
For bug reporting instructions, please see:
<http://www.gnu.org/software/gdb/bugs/>.
Find the GDB manual and other documentation resources online at:
<http://www.gnu.org/software/gdb/documentation/>.
For help, type "help".
Type "apropos word" to search for commands related to "word"...
Reading symbols from a.out...done.
(gdb) b main
Breakpoint 1 at 0x7fc: file p1final.c, line 16.
(gdb) r
Starting program: /home/runner/pps-IA1-practice/a.out 
warning: Error disabling address space randomization: Operation not permitted

Breakpoint 1, main () at p1final.c:16
16  {
(gdb) n
18    input(&a,&b);
(gdb) s
input (a=0x7ffc07a81ddc, b=0x7ffc07a81de0) at p1final.c:4
4     printf("Enter two numbers\n");
(gdb) n
Enter two numbers
5     scanf("%d %d",a,b);
(gdb) n
5
6
6   }
(gdb) n
main () at p1final.c:19
19    add(a,b,&sum);
(gdb) p a
$1 = 5
(gdb) p b
$2 = 6
(gdb) s
add (a=5, b=6, sum=0x7ffc07a81de4) at p1final.c:9
9     *sum=a+b;
(gdb) n
10  }
(gdb) n
main () at p1final.c:20
20    output(a,b,sum);
(gdb) s
output (a=5, b=6, sum=11) at p1final.c:13
13    printf("Sum of %d and %d is %d\n",a,b,sum);
(gdb) n
Sum of 5 and 6 is 11
14  }
(gdb) n
main () at p1final.c:21
21    return 0;
(gdb) p sum
$3 = 11
(gdb) n
22  }(gdb) q
A debugging session is active.

    Inferior 1 [process 105] will be killed.

Quit anyway? (y or n) y