gcc -g p2final.c
 ./a.out
Enter a number
3
Enter a number
8
Enter a number
5
8 is the largest number 
 gdb a.out
GNU gdb (Ubuntu 8.1.1-0ubuntu1) 8.1.1
Copyright (C) 2018 Free Software Foundation, Inc.
License GPLv3+: GNU GPL version 3 or later <http://gnu.org/licenses/gpl.html>
This is free software: you are free to change and redistribute it.
There is NO WARRANTY, to the extent permitted by law.  Type "show copying"
and "show warranty" for details.
This GDB was configured as "x86_64-linux-gnu".
Type "show configuration" for configuration details.
For bug reporting instructions, please see:
<http://www.gnu.org/software/gdb/bugs/>.
Find the GDB manual and other documentation resources online at:
<http://www.gnu.org/software/gdb/documentation/>.
For help, type "help".
Type "apropos word" to search for commands related to "word"...
Reading symbols from a.out...done.
(gdb) b main
Breakpoint 1 at 0x81e: file p2final.c, line 25.
(gdb) r
Starting program: /home/runner/pps-IA1-practice/a.out 
warning: Error disabling address space randomization: Operation not permitted

Breakpoint 1, main () at p2final.c:25
25    a=input();
(gdb) s
input () at p2final.c:3
3   {
(gdb) n
5     printf("Enter a number\n");
(gdb) n
Enter a number
6     scanf("%d",&x);
(gdb) n
3
7     return x;
(gdb) n
8   }
(gdb) n
main () at p2final.c:26
26    b=input();
(gdb) p a
$1 = 3
(gdb) s
input () at p2final.c:3
3   {
(gdb) n
5     printf("Enter a number\n");
(gdb) n
Enter a number
6     scanf("%d",&x);
(gdb) n
8
7     return x;
 
 gcc -g p2final.c
 ./a.out
Enter a number
3
Enter a number
8 
Enter a number
5
8 is the largest number 
 gdb a.out
GNU gdb (Ubuntu 8.1.1-0ubuntu1) 8.1.1
Copyright (C) 2018 Free Software Foundation, Inc.
License GPLv3+: GNU GPL version 3 or later <http://gnu.org/licenses/gpl.html>
This is free software: you are free to change and redistribute it.
There is NO WARRANTY, to the extent permitted by law.  Type "show copying"
and "show warranty" for details.
This GDB was configured as "x86_64-linux-gnu".
Type "show configuration" for configuration details.
For bug reporting instructions, please see:
<http://www.gnu.org/software/gdb/bugs/>.
Find the GDB manual and other documentation resources online at:
<http://www.gnu.org/software/gdb/documentation/>.
For help, type "help".
Type "apropos word" to search for commands related to "word"...
Reading symbols from a.out...done.
(gdb) b main
Breakpoint 1 at 0x81e: file p2final.c, line 25.
(gdb) r
Starting program: /home/runner/pps-IA1-practice/a.out 
warning: Error disabling address space randomization: Operation not permitted

Breakpoint 1, main () at p2final.c:25
25    a=input();
(gdb) s
input () at p2final.c:3
3   {
(gdb) n
5     printf("Enter a number\n");
(gdb) n
Enter a number
6     scanf("%d",&x);
(gdb) n
3
7     return x;
(gdb) n
8   }
(gdb) n
main () at p2final.c:26
26    b=input();
(gdb) p a
$1 = 3
(gdb) s
input () at p2final.c:3
3   {
(gdb) n
5     printf("Enter a number\n");
(gdb) n
Enter a number
6     scanf("%d",&x);
(gdb) n
8
7     return x;
(gdb) n
8   }
(gdb) n
main () at p2final.c:27
27    c=input();
(gdb) p b
$2 = 8
(gdb) s
input () at p2final.c:3
3   {
(gdb) n
5     printf("Enter a number\n");
(gdb) n
Enter a number
6     scanf("%d",&x);
(gdb) n
5
7     return x;
(gdb) n
8   }
(gdb) n
main () at p2final.c:28
28    result=cmp(a,b,c);
(gdb) p c
$3 = 5
(gdb) s
cmp (a=3, b=8, c=5) at p2final.c:11
11    if((a>b)&&(a>c))
(gdb) n
13    else if(b>c)
(gdb) n
14    return b;
(gdb) n
17  }
(gdb) n
main () at p2final.c:29
29    output(result);
(gdb) s
output (largest=8) at p2final.c:20
20    printf("%d is the largest number",largest);
(gdb) n
21  }
(gdb) n
main () at p2final.c:30
30    return 0;
(gdb) p result
$4 = 8
(gdb) n
31  }(gdb) q
A debugging session is active.

    Inferior 1 [process 368] will be killed.

Quit anyway? (y or n) y