 gcc -g p5final.c
 ./a.out
enter the number to find its root:
24
the square of 24.000000 is: 4.898979
 gdb a.out
GNU gdb (Ubuntu 8.1.1-0ubuntu1) 8.1.1
Copyright (C) 2018 Free Software Foundation, Inc.
License GPLv3+: GNU GPL version 3 or later <http://gnu.org/licenses/gpl.html>
This is free software: you are free to change and redistribute it.
There is NO WARRANTY, to the extent permitted by law.  Type "show copying"
and "show warranty" for details.
This GDB was configured as "x86_64-linux-gnu".
Type "show configuration" for configuration details.
For bug reporting instructions, please see:
<http://www.gnu.org/software/gdb/bugs/>.
Find the GDB manual and other documentation resources online at:
<http://www.gnu.org/software/gdb/documentation/>.
For help, type "help".
Type "apropos word" to search for commands related to "word"...
Reading symbols from a.out...done.
(gdb) b main
Breakpoint 1 at 0x866: file p5final.c, line 29.
(gdb) r
Starting program: /home/runner/pps-IA1-practice/a.out 
warning: Error disabling address space randomization: Operation not permitted

Breakpoint 1, main () at p5final.c:29
29      a=input();
(gdb) s
input () at p5final.c:4
4   {
(gdb) n
6       printf("enter the number to find its root:\n");
(gdb) n
enter the number to find its root:
7       scanf("%f",&n);
(gdb) n
4
8       return n;
(gdb) n
9   }
(gdb) n
main () at p5final.c:30
30      b=my_sqrt(a);
(gdb) s
my_sqrt (n=4) at p5final.c:12
12      float a=n;  
(gdb) n
14      float q=0.000001; 
(gdb) n
15      while (fabs(a-b)>q)
(gdb) n
17          a=(a+b)/2; 
(gdb) n
18          b=n/a; 
(gdb) n
15      while (fabs(a-b)>q)
(gdb) n
17          a=(a+b)/2; 
(gdb) n
18          b=n/a; 
(gdb) n
15      while (fabs(a-b)>q)
(gdb) n
17          a=(a+b)/2; 
(gdb) n
18          b=n/a; 
(gdb) n
15      while (fabs(a-b)>q)
(gdb) n
17          a=(a+b)/2; 
(gdb) n
18          b=n/a; 
(gdb) n
15      while (fabs(a-b)>q)
(gdb) 
17          a=(a+b)/2; 
(gdb) n
18          b=n/a; 
(gdb) n
15      while (fabs(a-b)>q)
(gdb) n
17          a=(a+b)/2; 
(gdb) n
18          b=n/a; 
(gdb) n
15      while (fabs(a-b)>q)
(gdb) n
17          a=(a+b)/2; 
(gdb) n
18          b=n/a; 
(gdb) n
15      while (fabs(a-b)>q)
(gdb) n
17          a=(a+b)/2; 
(gdb) n
18          b=n/a; 
(gdb) n
15      while (fabs(a-b)>q)
(gdb) n
17          a=(a+b)/2; 
(gdb) n
18          b=n/a; 
(gdb) n
15      while (fabs(a-b)>q)
(gdb) n
17          a=(a+b)/2; 
(gdb) n
18          b=n/a; 
(gdb) n
15      while (fabs(a-b)>q)
(gdb) my_sqrt (n=25) at p5final.c:12
12      float a=n;  
(gdb) n
14      float q=0.000001; 
(gdb) n
15      while (fabs(a-b)>q)
(gdb) n
17          a=(a+b)/2; 
(gdb) n
18          b=n/a; 
(gdb) n
15      while (fabs(a-b)>q)
(gdb) n
17          a=(a+b)/2; 
(gdb) n
18          b=n/a; 
(gdb) n
15      while (fabs(a-b)>q)
(gdb) n
17          a=(a+b)/2; 
(gdb) n
18          b=n/a; 
(gdb) n
15      while (fabs(a-b)>q)
(gdb) n
17          a=(a+b)/2; 
(gdb) n
18          b=n/a; 
(gdb) n
15      while (fabs(a-b)>q)
(gdb) n
17          a=(a+b)/2; 
(gdb) n
18          b=n/a; 
(gdb) n
15      while (fabs(a-b)>q)
(gdb) n
17          a=(a+b)/2; 
(gdb) n
18          b=n/a; 
(gdb) n
15      while (fabs(a-b)>q)
(gdb) n
17          a=(a+b)/2; 
(gdb) n
18          b=n/a; 
(gdb) n
15      while (fabs(a-b)>q)
(gdb) n
17          a=(a+b)/2; 
(gdb) n
18          b=n/a; 
(gdb) n
15      while (fabs(a-b)>q)
(gdb) n
17          a=(a+b)/2; 
(gdb) n
18          b=n/a; 
(gdb) n
15      while (fabs(a-b)>q)
(gdb) n
17          a=(a+b)/2; 
 
 gcc -g p5final.c
 ./a.out
enter the number to find its root:
26
the square of 26.000000 is: -5.099020
 gdb a.out
GNU gdb (Ubuntu 8.1.1-0ubuntu1) 8.1.1
Copyright (C) 2018 Free Software Foundation, Inc.
License GPLv3+: GNU GPL version 3 or later <http://gnu.org/licenses/gpl.html>
This is free software: you are free to change and redistribute it.
There is NO WARRANTY, to the extent permitted by law.  Type "show copying"
and "show warranty" for details.
This GDB was configured as "x86_64-linux-gnu".
Type "show configuration" for configuration details.
For bug reporting instructions, please see:
<http://www.gnu.org/software/gdb/bugs/>.
Find the GDB manual and other documentation resources online at:
<http://www.gnu.org/software/gdb/documentation/>.
For help, type "help".
Type "apropos word" to search for commands related to "word"...
Reading symbols from a.out...done.
(gdb) b main
Breakpoint 1 at 0x866: file p5final.c, line 29.
(gdb) r
Starting program: /home/runner/pps-IA1-practice/a.out 
warning: Error disabling address space randomization: Operation not permitted

Breakpoint 1, main () at p5final.c:29
29      a=input();
(gdb) s
input () at p5final.c:4
4   {
(gdb) n
6       printf("enter the number to find its root:\n");
(gdb) n
enter the number to find its root:
7       scanf("%f",&n);
(gdb) n
5
8       return n;
(gdb) n
9   }
(gdb) n
main () at p5final.c:30
30      b=my_sqrt(a);
(gdb) s
my_sqrt (n=5) at p5final.c:12
12      float a=n;  
(gdb) n
14      float q=0.000001; 
(gdb) n
15      while (fabs(a-b)>q)
(gdb) n
17          a=(a+b)/2; 
(gdb) n
18          b=n/a; 
(gdb) n
15      while (fabs(a-b)>q)
(gdb) n
17          a=(a+b)/2; 
(gdb) n
18          b=n/a; 
(gdb) n
15      while (fabs(a-b)>q)
(gdb) n
17          a=(a+b)/2; 
(gdb) n
18          b=n/a; 
(gdb) n
15      while (fabs(a-b)>q)
(gdb) n
17          a=(a+b)/2; 
(gdb) n
18          b=n/a; 
(gdb) n
15      while (fabs(a-b)>q)
(gdb) n
17          a=(a+b)/2; 
(gdb) n
18          b=n/a; 
(gdb) n
15      while (fabs(a-b)>q)
(gdb) n
17          a=(a+b)/2; 
(gdb) n
18          b=n/a; 
(gdb) n
15      while (fabs(a-b)>q)
(gdb) n
17          a=(a+b)/2; 
(gdb) n
18          b=n/a; 
(gdb) n
15      while (fabs(a-b)>q)
(gdb) n
17          a=(a+b)/2; 
(gdb) n
18          b=n/a; 
(gdb) n
15      while (fabs(a-b)>q)
(gdb) n
17          a=(a+b)/2; 
(gdb) n
18          b=n/a; 
(gdb) n
15      while (fabs(a-b)>q)
(gdb) n
17          a=(a+b)/2; 
(gdb) n
18          b=n/a; 
(gdb) n
15      while (fabs(a-b)>q)
(gdb) n
17          a=(a+b)/2; 
(gdb) n
18          b=n/a; 
(gdb) n
15      while (fabs(a-b)>q)
(gdb) n
17          a=(a+b)/2; 
(gdb) n
18          b=n/a; 
(gdb) n
15      while (fabs(a-b)>q)
(gdb) n
17          a=(a+b)/2; 
(gdb) n
18          b=n/a; 
(gdb) n
15      while (fabs(a-b)>q)
(gdb) n
17          a=(a+b)/2; 
(gdb) n
18          b=n/a; 
(gdb) n
15      while (fabs(a-b)>q)
(gdb) n
17          a=(a+b)/2; 
(gdb) n
 
 gcc -g p5final.c
 ./a.out
enter the number to find its root:
24
the square of 24.000000 is: 4.898979
 gdb a.out
GNU gdb (Ubuntu 8.1.1-0ubuntu1) 8.1.1
Copyright (C) 2018 Free Software Foundation, Inc.
License GPLv3+: GNU GPL version 3 or later <http://gnu.org/licenses/gpl.html>
This is free software: you are free to change and redistribute it.
There is NO WARRANTY, to the extent permitted by law.  Type "show copying"
and "show warranty" for details.
This GDB was configured as "x86_64-linux-gnu".
Type "show configuration" for configuration details.
For bug reporting instructions, please see:
<http://www.gnu.org/software/gdb/bugs/>.
Find the GDB manual and other documentation resources online at:
<http://www.gnu.org/software/gdb/documentation/>.
For help, type "help".
Type "apropos word" to search for commands related to "word"...
Reading symbols from a.out...done.
(gdb) b main
Breakpoint 1 at 0x866: file p5final.c, line 29.
(gdb) r
Starting program: /home/runner/pps-IA1-practice/a.out 
warning: Error disabling address space randomization: Operation not permitted

Breakpoint 1, main () at p5final.c:29
29      a=input();
(gdb) s
input () at p5final.c:4
4   {
(gdb) n
6       printf("enter the number to find its root:\n");
(gdb) n
enter the number to find its root:
7       scanf("%f",&n);
(gdb) n
4
8       return n;
(gdb) n
9   }
(gdb) n
main () at p5final.c:30
30      b=my_sqrt(a);
(gdb) s
my_sqrt (n=4) at p5final.c:12
12      float a=n;  
(gdb) n
14      float q=0.000001; 
(gdb) n
15      while (fabs(a-b)>q)
(gdb) n
17          a=(a+b)/2; 
(gdb) n
18          b=n/a; 
(gdb) n
15      while (fabs(a-b)>q)
(gdb) n
17          a=(a+b)/2; 
(gdb) n
18          b=n/a; 
(gdb) n
15      while (fabs(a-b)>q)
(gdb) n
17          a=(a+b)/2; 
(gdb) n
18          b=n/a; 
(gdb) n
15      while (fabs(a-b)>q)
(gdb) n
17          a=(a+b)/2; 
(gdb) n
18          b=n/a; 
(gdb) n
15      while (fabs(a-b)>q)
(gdb) 
17          a=(a+b)/2; 
(gdb) n
18          b=n/a; 
 
 gcc -g p5final.c
 ./a.out
enter the number to find its root:
25
the square of 25.000000 is: 5.000000
 gdb a.out
GNU gdb (Ubuntu 8.1.1-0ubuntu1) 8.1.1
Copyright (C) 2018 Free Software Foundation, Inc.
License GPLv3+: GNU GPL version 3 or later <http://gnu.org/licenses/gpl.html>
This is free software: you are free to change and redistribute it.
There is NO WARRANTY, to the extent permitted by law.  Type "show copying"
and "show warranty" for details.
This GDB was configured as "x86_64-linux-gnu".
Type "show configuration" for configuration details.
For bug reporting instructions, please see:
<http://www.gnu.org/software/gdb/bugs/>.
Find the GDB manual and other documentation resources online at:
<http://www.gnu.org/software/gdb/documentation/>.
For help, type "help".
Type "apropos word" to search for commands related to "word"...
Reading symbols from a.out...done.
(gdb) b main
Breakpoint 1 at 0x866: file p5final.c, line 29.
(gdb) r
Starting program: /home/runner/pps-IA1-practice/a.out 
warning: Error disabling address space randomization: Operation not permitted

Breakpoint 1, main () at p5final.c:29
29      a=input();
(gdb) s
input () at p5final.c:4
4   {
(gdb) n
6       printf("enter the number to find its root:\n");
(gdb) n
enter the number to find its root:
7       scanf("%f",&n);
(gdb) n
3
8       return n;
(gdb) n
9   }
(gdb) n
main () at p5final.c:30
30      b=my_sqrt(a);
(gdb) s
my_sqrt (n=3) at p5final.c:12
12      float a=n;  
(gdb) n
14      float q=0.000001; 
(gdb) n
15      while (fabs(a-b)>q)
(gdb) n
17          a=(a+b)/2; 
(gdb) n
18          b=n/a; 
(gdb) n
15      while (fabs(a-b)>q)
(gdb) n
17          a=(a+b)/2; 
(gdb) n
18          b=n/a; 
(gdb) n
15      while (fabs(a-b)>q)
(gdb) n
17          a=(a+b)/2; 
(gdb) n
18          b=n/a; 
(gdb) n
15      while (fabs(a-b)>q)
(gdb) n
17          a=(a+b)/2; 
(gdb) n
18          b=n/a; 
(gdb) n
15      while (fabs(a-b)>q)
(gdb) n
17          a=(a+b)/2; 
(gdb) n
18          b=n/a; 
(gdb) n
15      while (fabs(a-b)>q)
(gdb) n
17          a=(a+b)/2; 
(gdb) n
18          b=n/a; 
(gdb) n
15      while (fabs(a-b)>q)
(gdb) n
17          a=(a+b)/2; 
(gdb) n
18          b=n/a; 
(gdb) n
15      while (fabs(a-b)>q)
(gdb) n
17          a=(a+b)/2; 
(gdb) n
18          b=n/a; 
(gdb) n
15      while (fabs(a-b)>q)
(gdb) n
17          a=(a+b)/2; 
(gdb) n
18          b=n/a; 
(gdb) n
15      while (fabs(a-b)>q)
(gdb) n
17          a=(a+b)/2; 
(gdb) n
18          b=n/a; 
(gdb) n
15      while (fabs(a-b)>q)
(gdb) n
17          a=(a+b)/2; 
(gdb) n
18          b=n/a; 
(gdb) n
15      while (fabs(a-b)>q)
(gdb) n
17          a=(a+b)/2; 
(gdb) n
18          b=n/a; 
(gdb) n
15      while (fabs(a-b)>q)
(gdb) n
17          a=(a+b)/2; 
(gdb) n
18          b=n/a; 
(gdb) n
15      while (fabs(a-b)>q)
(gdb) n
17          a=(a+b)/2; 
(gdb) n
18          b=n/a; 
(gdb) n
15      while (fabs(a-b)>q)
(gdb) n
17          a=(a+b)/2; 
(gdb) n
18          b=n/a; 
(gdb) n
15      while (fabs(a-b)>q)
(gdb) n
17          a=(a+b)/2; 
(gdb) n
18          b=n/a; 
(gdb) n
15      while (fabs(a-b)>q)
(gdb) n
17          a=(a+b)/2; 
(gdb) n
18          b=n/a; 
(gdb) n
15      while (fabs(a-b)>q)
(gdb) n
17          a=(a+b)/2; 
(gdb) n
18          b=n/a; 
(gdb) n
15      while (fabs(a-b)>q)
(gdb) n
17          a=(a+b)/2; 
(gdb) n
18          b=n/a; 
(gdb) n
15      while (fabs(a-b)>q)
(gdb) n
17          a=(a+b)/2; 
(gdb) n
18          b=n/a; 
(gdb) n
15      while (fabs(a-b)>q)
(gdb) n
17          a=(a+b)/2; 
(gdb) n
18          b=n/a; 
(gdb) n
15      while (fabs(a-b)>q)
(gdb) n
17          a=(a+b)/2; 
(gdb) n
18          b=n/a; 
(gdb) n
15      while (fabs(a-b)>q)
(gdb) n
17          a=(a+b)/2; 
(gdb) n
18          b=n/a; 
(gdb) n
15      while (fabs(a-b)>q)
(gdb) n
17          a=(a+b)/2; 
(gdb) n
18          b=n/a; 
(gdb) n
15      while (fabs(a-b)>q)
(gdb) n
17          a=(a+b)/2; 
(gdb) n
18          b=n/a; 
(gdb) n
15      while (fabs(a-b)>q)
(gdb) 
17          a=(a+b)/2; 
(gdb) n
18          b=n/a; 
(gdb) n
15      while (fabs(a-b)>q)
(gdb) n
17          a=(a+b)/2; 
(gdb) n
18          b=n/a; 
(gdb) n
15      while (fabs(a-b)>q)
(gdb) n
17          a=(a+b)/2; 
(gdb) n
18          b=n/a; 
(gdb) n
15      while (fabs(a-b)>q)
(gdb) n
17          a=(a+b)/2; 
(gdb) n
18          b=n/a; 
(gdb) n
15      while (fabs(a-b)>q)
(gdb) n
17          a=(a+b)/2; 
(gdb) n
18          b=n/a; 
(gdb) n
15      while (fabs(a-b)>q)
(gdb) n
17          a=(a+b)/2; 
(gdb) n
18          b=n/a; 
(gdb) n
15      while (fabs(a-b)>q)
(gdb) n
17          a=(a+b)/2; 
(gdb) n
18          b=n/a; 
(gdb) n
15      while (fabs(a-b)>q)
(gdb) n
17          a=(a+b)/2; 
 
 gcc -g p5final.c
 gdb a.out
GNU gdb (Ubuntu 8.1.1-0ubuntu1) 8.1.1
Copyright (C) 2018 Free Software Foundation, Inc.
License GPLv3+: GNU GPL version 3 or later <http://gnu.org/licenses/gpl.html>
This is free software: you are free to change and redistribute it.
There is NO WARRANTY, to the extent permitted by law.  Type "show copying"
and "show warranty" for details.
This GDB was configured as "x86_64-linux-gnu".
Type "show configuration" for configuration details.
For bug reporting instructions, please see:
<http://www.gnu.org/software/gdb/bugs/>.
Find the GDB manual and other documentation resources online at:
<http://www.gnu.org/software/gdb/documentation/>.
For help, type "help".
Type "apropos word" to search for commands related to "word"...
Reading symbols from a.out...done.
(gdb) b main
Breakpoint 1 at 0x866: file p5final.c, line 29.
(gdb) r
Starting program: /home/runner/pps-IA1-practice/a.out 
warning: Error disabling address space randomization: Operation not permitted

Breakpoint 1, main () at p5final.c:29
29      a=input();
(gdb) s
input () at p5final.c:4
4   {
(gdb) n
6       printf("enter the number to find its root:\n");
(gdb) n
enter the number to find its root:
7       scanf("%f",&n);
(gdb) n
3
8       return n;
(gdb) n
9   }
(gdb) n
main () at p5final.c:30
30      b=my_sqrt(a);
(gdb) s
my_sqrt (n=3) at p5final.c:12
12      float a=n;  
(gdb) n
14      float q=0.000001; 
(gdb) n
15      while (fabs(a-b)>q)
(gdb) n
17          a=(a+b)/2; 
(gdb) n
18          b=n/a; 
(gdb) n
15      while (fabs(a-b)>q)
(gdb) n
17          a=(a+b)/2; 
(gdb) n
 
 gcc -g p5final.c
 ./a.out
enter the number to find its root:
 
 gcc -g p5final.c
 ./a.out
enter the number to find its root
7
the square of 7.000000 is: 2.645751
 gdb a.out
GNU gdb (Ubuntu 8.1.1-0ubuntu1) 8.1.1
Copyright (C) 2018 Free Software Foundation, Inc.
License GPLv3+: GNU GPL version 3 or later <http://gnu.org/licenses/gpl.html>
This is free software: you are free to change and redistribute it.
There is NO WARRANTY, to the extent permitted by law.  Type "show copying"
and "show warranty" for details.
This GDB was configured as "x86_64-linux-gnu".
Type "show configuration" for configuration details.
For bug reporting instructions, please see:
<http://www.gnu.org/software/gdb/bugs/>.
Find the GDB manual and other documentation resources online at:
<http://www.gnu.org/software/gdb/documentation/>.
For help, type "help".
Type "apropos word" to search for commands related to "word"...
Reading symbols from a.out...done.
(gdb) b main
Breakpoint 1 at 0x86f: file p5final.c, line 29.
(gdb) r
Starting program: /home/runner/pps-IA1-practice/a.out 
warning: Error disabling address space randomization: Operation not permitted

Breakpoint 1, main () at p5final.c:29
29      a=input();
(gdb) s
input () at p5final.c:4
4   {
(gdb) n
6       printf("enter the number to find its root\n");
(gdb) n
enter the number to find its root
7       scanf("%f",&n);
(gdb) n
4
 
 gcc -g p5final.c
 ./a.out
enter the number to find its root
7
the square of 7.000000 is: 2.645751
 gdb a.out
GNU gdb (Ubuntu 8.1.1-0ubuntu1) 8.1.1
Copyright (C) 2018 Free Software Foundation, Inc.
License GPLv3+: GNU GPL version 3 or later <http://gnu.org/licenses/gpl.html>
This is free software: you are free to change and redistribute it.
There is NO WARRANTY, to the extent permitted by law.  Type "show copying"
and "show warranty" for details.
This GDB was configured as "x86_64-linux-gnu".
Type "show configuration" for configuration details.
For bug reporting instructions, please see:
<http://www.gnu.org/software/gdb/bugs/>.
Find the GDB manual and other documentation resources online at:
<http://www.gnu.org/software/gdb/documentation/>.
For help, type "help".
Type "apropos word" to search for commands related to "word"...
Reading symbols from a.out...done.
(gdb) b main
Breakpoint 1 at 0x86f: file p5final.c, line 29.
(gdb) r
Starting program: /home/runner/pps-IA1-practice/a.out 
warning: Error disabling address space randomization: Operation not permitted

Breakpoint 1, main () at p5final.c:29
29      a=input();
(gdb) s
input () at p5final.c:4
4   {
(gdb) n
6       printf("enter the number to find its root\n");
(gdb) n
enter the number to find its root
7       scanf("%f",&n);
(gdb) n
4
8       return n;
(gdb) n
9   }
(gdb) n
main () at p5final.c:30
 
 gcc -g p5final.c
 ./a.out
enter the number to find its root
7
the square of 7.000000 is: 2.645751
 gdb a.out
GNU gdb (Ubuntu 8.1.1-0ubuntu1) 8.1.1
Copyright (C) 2018 Free Software Foundation, Inc.
License GPLv3+: GNU GPL version 3 or later <http://gnu.org/licenses/gpl.html>
This is free software: you are free to change and redistribute it.
There is NO WARRANTY, to the extent permitted by law.  Type "show copying"
and "show warranty" for details.
This GDB was configured as "x86_64-linux-gnu".
Type "show configuration" for configuration details.
For bug reporting instructions, please see:
<http://www.gnu.org/software/gdb/bugs/>.
Find the GDB manual and other documentation resources online at:
<http://www.gnu.org/software/gdb/documentation/>.
For help, type "help".
Type "apropos word" to search for commands related to "word"...
Reading symbols from a.out...done.
(gdb) b main
Breakpoint 1 at 0x86f: file p5final.c, line 29.
(gdb) r
Starting program: /home/runner/pps-IA1-practice/a.out 
warning: Error disabling address space randomization: Operation not permitted

Breakpoint 1, main () at p5final.c:29
29      a=input();
(gdb) s
input () at p5final.c:4
4   {
(gdb) n
6       printf("enter the number to find its root\n");
(gdb) n
enter the number to find its root
7       scanf("%f",&n);
(gdb) n
7
8       return n;
(gdb) n
9   }
(gdb) n
main () at p5final.c:30
30      b=my_sqrt(a);
(gdb) s
my_sqrt (n=7) at p5final.c:12
12      float a=n;  
(gdb) n
13      float b=0;
(gdb) n
14      float q=0.000001; 
(gdb) n
15      while (fabs(a-b)>q)
(gdb) n
17          a=(a+b)/2; 
 
 gcc -g p5final.c
 ./a.out
enter the number to find its root
7
the square of 7.000000 is: 2.645751
 gdb a.out
GNU gdb (Ubuntu 8.1.1-0ubuntu1) 8.1.1
Copyright (C) 2018 Free Software Foundation, Inc.
License GPLv3+: GNU GPL version 3 or later <http://gnu.org/licenses/gpl.html>
This is free software: you are free to change and redistribute it.
There is NO WARRANTY, to the extent permitted by law.  Type "show copying"
and "show warranty" for details.
This GDB was configured as "x86_64-linux-gnu".
Type "show configuration" for configuration details.
For bug reporting instructions, please see:
<http://www.gnu.org/software/gdb/bugs/>.
Find the GDB manual and other documentation resources online at:
<http://www.gnu.org/software/gdb/documentation/>.
For help, type "help".
Type "apropos word" to search for commands related to "word"...
Reading symbols from a.out...done.
(gdb) b main
Breakpoint 1 at 0x86f: file p5final.c, line 29.
(gdb) r
Starting program: /home/runner/pps-IA1-practice/a.out 
warning: Error disabling address space randomization: Operation not permitted

Breakpoint 1, main () at p5final.c:29
29      a=input();
(gdb) s
input () at p5final.c:4
4   {
(gdb) n
6       printf("enter the number to find its root\n");
(gdb) n
enter the number to find its root
7       scanf("%f",&n);
(gdb) n
7
8       return n;
(gdb) n
9   }
 
 gcc -g p5final.c
 ./a.out
enter the number to find its root
7
the square of 7.000000 is: 2.645751
 gdb a.out
GNU gdb (Ubuntu 8.1.1-0ubuntu1) 8.1.1
Copyright (C) 2018 Free Software Foundation, Inc.
License GPLv3+: GNU GPL version 3 or later <http://gnu.org/licenses/gpl.html>
This is free software: you are free to change and redistribute it.
There is NO WARRANTY, to the extent permitted by law.  Type "show copying"
and "show warranty" for details.
This GDB was configured as "x86_64-linux-gnu".
Type "show configuration" for configuration details.
For bug reporting instructions, please see:
<http://www.gnu.org/software/gdb/bugs/>.
Find the GDB manual and other documentation resources online at:
<http://www.gnu.org/software/gdb/documentation/>.
For help, type "help".
Type "apropos word" to search for commands related to "word"...
Reading symbols from a.out...done.
(gdb) b main
Breakpoint 1 at 0x86f: file p5final.c, line 29.
(gdb) r
Starting program: /home/runner/pps-IA1-practice/a.out 
warning: Error disabling address space randomization: Operation not permitted

Breakpoint 1, main () at p5final.c:29
29      a=input();
(gdb) s
input () at p5final.c:4
4   {
(gdb) n
6       printf("enter the number to find its root\n");
(gdb) n
enter the number to find its root
7       scanf("%f",&n);
(gdb) n
7
8       return n;
(gdb) n
9   }
(gdb) n
main () at p5final.c:30
30      b=my_sqrt(a);
(gdb) p a
$1 = 7
(gdb) s
my_sqrt (n=7) at p5final.c:12
12      float a=n;  
(gdb) n
13      float b=0;
(gdb) n
14      float q=0.000001; 
(gdb) n
15      while (fabs(a-b)>q)
(gdb) n
17          a=(a+b)/2; 
(gdb) n
18          b=n/a; 
(gdb) n
15      while (fabs(a-b)>q)
(gdb) n
17          a=(a+b)/2; 
(gdb) n
18          b=n/a; 
(gdb) n
15      while (fabs(a-b)>q)
(gdb) n
17          a=(a+b)/2; 
(gdb) n
18          b=n/a; 
(gdb) n
15      while (fabs(a-b)>q)
(gdb) n
17          a=(a+b)/2; 
(gdb) n
18          b=n/a; 
(gdb) n
15      while (fabs(a-b)>q)
(gdb) n
17          a=(a+b)/2; 
(gdb) n
18          b=n/a; 
(gdb) n
15      while (fabs(a-b)>q)
(gdb) n
20      return a; 
(gdb) n
21  } 
(gdb) n
main () at p5final.c:31
31      output(a,b);
(gdb) p b
$2 = 2.64575148
(gdb) s
output (n=7, sqrt_result=2.64575148) at p5final.c:24
24      printf("the square of %f is: %f\n",n,sqrt_result);
(gdb) n
the square of 7.000000 is: 2.645751
25  }
(gdb) n
main () at p5final.c:32
32      return 0;
(gdb) n
33  }(gdb) q
A debugging session is active.

    Inferior 1 [process 235] will be killed.

Quit anyway? (y or n) y